[root@topeet:~/chapter6/40_platform_device]# insmod  platform_device.ko 
[  758.731100] Platform device registered
[root@topeet:~/chapter6/40_platform_device]# ls /sys/bus/platform/devices/my_platform_device/
driver_override  modalias  power  subsystem  uevent
[root@topeet:~/chapter6/40_platform_device]# cd /sys/bus/platform/devices/
[root@topeet:/sys/bus/platform/devices]# ls my_platform_device/
driver_override  modalias  power  subsystem  uevent
[root@topeet:/sys/bus/platform/devices]# 
[root@topeet:/sys/bus/platform/devices]# rmmod platform_device.ko
[  848.658485] Platform device unregistered
[root@topeet:/sys/bus/platform/devices]# 
ot@topeet:/sys/bus/platform/devices]# ls my_platform_device/
ls: cannot access 'my_platform_device/': No such file or directory
[root@topeet:/sys/bus/platform/devices]# 
