[root@topeet:~/chapter13/92_myinput_dev_02/module]# ls
Makefile  myinput_dev.c  myinput_dev.ko
[root@topeet:~/chapter13/92_myinput_dev_02/module]# ls /dev/input
by-path  event0  event1  event2  event3
[root@topeet:~/chapter13/92_myinput_dev_02/module]# insmod myinput_dev.ko 
[  574.195018] myinput_dev: loading out-of-tree module taints kernel.
[root@topeet:~/chapter13/92_myinput_dev_02/module]# [  574.196327] input: myinput_dev as /devices/virtual/input/input5
[  574.196363] handler name is rfkill
[  574.196382] input dev is error myinput_dev
[  574.196392] input dev is error myinput_dev
[  574.196399] input dev is error myinput_dev
[  574.196408] input dev is error myinput_dev
[  574.196418] input dev is error myinput_dev
[  574.196425] input dev is error myinput_dev
[  574.196433] handler name is kbd
[  574.196448] input dev is ok myinput_dev
[  574.196[17:03:30.123] event44  - myinput_dev: is tagged by udev as: Keyboard
[17:073:30.130] event4  - 0myinput_dev: device is a keyboard
] h[17:03:30.135] libinput: configuring device "myinput_dev".
[17:03:30.140] associating input devicea event4 with output LVnDS-1 (none by udev)
dler name is leds
[  574.196478] input dev is error myinput_dev
[  574.196487] handler name is joydev
[  574.196495] input dev is error myinput_dev
[  574.196501] input dev is error myinput_dev
[  574.196508] input dev is error myinput_dev
[  574.196516] input dev is error myinput_dev
[  574.196523] input dev is error myinput_dev
[  574.196531] input dev is error myinput_dev
[  574.196538] input dev is error myinput_dev
[  574.196547] handler name is evdev
[  574.196557] input dev is ok myinput_dev
[  574.196901] handler name is cpufreq_interactive
[  574.196918] input dev is error myinput_dev
[  574.196932] input dev is error myinput_dev
[  574.196942] input dev is ok myinput_dev
[  574.196956] handler name is dmcfreq
[  574.196963] input dev is error myinput_dev
[  574.196979] input dev is error myinput_dev
[  574.196994] input dev is ok myinput_dev

[root@topeet:~/chapter13/92_myinput_dev_02/module]# 
[root@topeet:~/chapter13/92_myinput_dev_02/module]# ls /dev/input
by-path  event0  event1  event2  event3  event4
[root@topeet:~/chapter13/92_myinput_dev_02/module]# 
[root@topeet:~/chapter13/92_myinput_dev_02/module]# hexdump  /dev/input/event4 
0000000 c90c 6891 0000 0000 a2fd 0009 0000 0000
0000010 0001 0002 0000 0000 c90c 6891 0000 0000
0000020 a2fd 0009 0000 0000 0000 0000 0000 0000
0000030 c90d 6891 0000 0000 d71f 0009 0000 0000
0000040 0001 0002 0001 0000 c90d 6891 0000 0000
0000050 d71f 0009 0000 0000 0000 0000 0000 0000
0000060 c90e 6891 0000 0000 0b1b 000a 0000 0000
0000070 0001 0002 0000 0000 c90e 6891 0000 0000
0000080 0b1b 000a 0000 0000 0000 0000 0000 0000
0000090 c90f 6891 0000 0000 3f3e 000a 0000 0000
00000a0 0001 0002 0001 0000 c90f 6891 0000 0000
00000b0 3f3e 000a 0000 0000 0000 0000 0000 0000
00000c0 c910 6891 0000 0000 733c 000a 0000 0000
00000d0 0001 0002 0000 0000 c910 6891 0000 0000
00000e0 733c 000a 0000 0000 0000 0000 0000 0000
00000f0 c911 6891 0000 0000 a76d 000a 0000 0000
0000100 0001 0002 0001 0000 c911 6891 0000 0000
0000110 a76d 000a 0000 0000 0000 0000 0000 0000
0000120 c912 6891 0000 0000 db6e 000a 0000 0000
0000130 0001 0002 0000 0000 c912 6891 0000 0000
0000140 db6e 000a 0000 0000 0000 0000 0000 0000
0000150 c913 6891 0000 0000 0f98 000b 0000 0000
0000160 0001 0002 0001 0000 c913 6891 0000 0000
0000170 0f98 000b 0000 0000 0000 0000 0000 0000

0000180 c914 6891 0000 0000 43a2 000b 0000 0000
0000190 0001 0002 0000 0000 c914 6891 0000 0000
00001a0 43a2 000b 0000 0000 0000 0000 0000 0000
00001b0 c915 6891 0000 0000 77b6 000b 0000 0000
00001c0 0001 0002 0001 0000 c915 6891 0000 0000
00001d0 77b6 000b 0000 0000 0000 0000 0000 0000
00001e0 c916 6891 0000 0000 abd3 000b 0000 0000
00001f0 0001 0002 0000 0000 c916 6891 0000 0000
0000200 abd3 000b 0000 0000 0000 0000 0000 0000
0000210 c917 6891 0000 0000 dfe5 000b 0000 0000
0000220 0001 0002 0001 0000 c917 6891 0000 0000
0000230 dfe5 000b 0000 0000 0000 0000 0000 0000
0000240 c918 6891 0000 0000 13f9 000c 0000 0000
0000250 0001 0002 0000 0000 c918 6891 0000 0000
0000260 13f9 000c 0000 0000 0000 0000 0000 0000
0000270 c919 6891 0000 0000 481a 000c 0000 0000
0000280 0001 0002 0001 0000 c919 6891 0000 0000
0000290 481a 000c 0000 0000 0000 0000 0000 0000

00002a0 c91a 6891 0000 0000 7c17 000c 0000 0000
00002b0 0001 0002 0000 0000 c91a 6891 0000 0000
00002c0 7c17 000c 0000 0000 0000 0000 0000 0000

00002d0 c91b 6891 0000 0000 b045 000c 0000 0000
00002e0 0001 0002 0001 0000 c91b 6891 0000 0000
00002f0 b045 000c 0000 0000 0000 0000 0000 0000

0000300 c91c 6891 0000 0000 e3e8 000c 0000 0000
0000310 0001 0002 0000 0000 c91c 6891 0000 0000
0000320 e3e8 000c 0000 0000 0000 0000 0000 0000
0000330 c91d 6891 0000 0000 1878 000d 0000 0000
0000340 0001 0002 0001 0000 c91d 6891 0000 0000
