[root@topeet:~/15]# ls
app  module
[root@topeet:~/15]# insmod module/atomic.ko 
[ 1396.929715] alloc_chrdev_region is ok
[ 1396.929824] major is 236
[ 1396.929832] minor is 0
[root@topeet:~/15]# 
[root@topeet:~/15]# ls /dev/device_test 
/dev/device_test
[root@topeet:~/15]# ./app/app /dev/device_test topeet
[ 1433.508885] copy_from_user buf is topeet
[root@topeet:~/15]# 
[root@topeet:~/15]# 
[root@topeet:~/15]# ./app/app /dev/device_test topeet &
[root@topeet:~/15]# ./app/app /dev/device_test itop
file open error
: Device or resource busy
[root@topeet:~/15]#



