[root@topeet:~/15]# cd ../16/
[root@topeet:~/16]# ls
app  module
[root@topeet:~/16]# insmod module/spinlock.ko 
[ 2079.629872] alloc_chrdev_region is ok
[ 2079.629955] major is 236
[ 2079.629963] mino[rroot@topee t:~/16]# is 0

[root@topeet:~/16]# 
[root@topeet:~/16]# ls /dev/device_test 
/dev/device_test
[root@topeet:~/16]# 
[root@topeet:~/16]# ./app/app /dev/device_test topeet
[ 2114.456926] copy_from_user buf is topeet
[root@topeet:~/16]# 
[root@topeet:~/16]# 
[root@topeet:~/16]# ./app/app /dev/device_test topeet &
[root@topeet:~/16]# 
[root@topeet:~/16]# ./app/app /dev/device_test itop
file open error
[root@topeet:~/16]# 
[ 2137.920398] copy_from_user buf is topeet

[root@topeet:~/16]# rmmod module/spinlock.ko 
[ 3350.550239] module exit
[root@topeet:~/16]#

